
> reva-chalets@0.1.0 build
> next build

node.exe : ΓÜá Warning: Next.js inferred 
your workspace root, but it may not be 
correct.
At line:1 char:1
+ & "C:\Program Files\nodejs/node.exe" 
"C:\Program Files\nodejs/node_mo ...
+ ~~~~~~~~~~~~~~~~~~~~~~~~~~~~~~~~~~~~~~~
~~~~~~~~~~~~~~~~~~~~~~~~~~~~~~
    + CategoryInfo          : No    
tSpecified: (ΓÜá Warning: Ne    ...not 
be correct.:String) [    ], 
RemoteException
    + FullyQualifiedErrorId : Na    
tiveCommandError
 
 We detected multiple lockfiles and 
selected the directory of 
C:\Users\User\package-lock.json as the 
root directory.
 To silence this warning, set 
`turbopack.root` in your Next.js config, 
or consider removing one of the 
lockfiles if it's not needed.
   See https://nextjs.org/docs/app/api-re
ference/config/next-config-js/turbopack#r
oot-directory for more information.
 Detected additional lockfiles: 
   * C:\Users\User\.gemini\antigravity\sc
ratch\reva-chalets\package-lock.json

Γû▓ Next.js 16.1.2 (Turbopack)
- Environments: .env.local, .env
- Experiments (use with caution):
  ┬╖ serverActions

  Creating an optimized production build ...
Γ£ô Compiled successfully in 4.8s
  Running TypeScript ...
Failed to compile.

./src/app/[lang]/dashboard/page.tsx:10:19
Type error: Property 'isLoading' does 
not exist on type 'AuthContextType'.

[0m [90m  8 |[39m
 [90m  9 |[39m [36mexport[39m 
[36mdefault[39m [36mfunction[39m 
[33mDashboardOverview[39m() {
[31m[1m>[22m[39m[90m 10 |[39m     
[36mconst[39m { user[33m,[39m 
isLoading } [33m=[39m 
useAuth()[33m;[39m
 [90m    |[39m                   
[31m[1m^[22m[39m
 [90m 11 |[39m     [36mconst[39m 
router [33m=[39m useRouter()[33m;[39m
 [90m 12 |[39m
 [90m 13 |[39m     useEffect(() 
[33m=>[39m {[0m
Next.js build worker exited with code: 1 
and signal: null
