
> reva-chalets@0.1.0 test
> jest src/components/features/ReviewForm.test.tsx

node.exe : FAIL src/c
omponents/features/Re
viewForm.test.tsx
At line:1 char:1
+ & "C:\Program Files
\nodejs/node.exe" 
"C:\Program 
Files\nodejs/node_mo 
...
+ ~~~~~~~~~~~~~~~~~~~
~~~~~~~~~~~~~~~~~~~~~
~~~~~~~~~~~~~~~~~~~~~
~~~~~~~~
    + CategoryInfo   
           : NotSpe  
  cified: (FAIL sr   
 c/compon...ewFor    
m.test.tsx:Strin    
g) [], RemoteExc    
eption
    + FullyQualified 
   ErrorId : Native  
  CommandError
 
  ΓùÅ Test suite 
failed to run

    Cannot find 
module '@testing-libr
ary/dom' from 'node_m
odules/@testing-libra
ry/react/dist/pure.js
'

    Require stack:
      node_modules/@t
esting-library/react/
dist/pure.js
      node_modules/@t
esting-library/react/
dist/index.js
      src/components/
features/ReviewForm.t
est.tsx

    [0m [90m 28 
|[39m     
beforeEach(() 
[33m=>[39m {
     [90m 29 |[39m 
        jest[33m.[3
9mclearAllMocks()[33
m;[39m
    [31m[1m>[22m[
39m[90m 30 |[39m   
  })[33m;[39m
     [90m    |[39m 
                
[31m[1m^[22m[39m
     [90m 31 |[39m
     [90m 32 |[39m 
    it([32m'should 
show locked state if 
user has not 
completed a stay'[39
m[33m,[39m 
[36masync[39m () 
[33m=>[39m {
     [90m 33 |[39m 
        
(hasCompletedStayAt 
[36mas[39m jest[33
m.[39m[33mMock[39m
)[33m.[39mmockRetur
nValue([36mfalse[39
m)[33m;[39m[0m

      at Resolver._th
rowModNotFoundError (
node_modules/jest-res
olve/build/index.js:8
63:11)
      at 
Object.<anonymous> (n
ode_modules/@testing-
library/react/dist/pu
re.js:46:12)
      at 
Object.<anonymous> (n
ode_modules/@testing-
library/react/dist/in
dex.js:7:13)
      at 
Object.<anonymous> (s
rc/components/feature
s/ReviewForm.test.tsx
:30:17)

Test Suites: 1 
failed, 1 total
Tests:       0 total
Snapshots:   0 total
Time:        1.087 s
Ran all test suites 
matching src/componen
ts/features/ReviewFor
m.test.tsx.
